<area shape="rect" href="Vlans.nodes.StandardVlanHost.html" title="Compound Module StandardVlanHost" alt="" coords="985,5,1111,32">
<area shape="rect" href="../../../inetmanet/doc/neddoc/inet.networklayer.ipv4.RoutingTable.html" title="Simple Module RoutingTable" alt="" coords="5,80,101,107">
<area shape="rect" href="../../../inetmanet/doc/neddoc/inet.linklayer.ppp.PPPInterface.html" title="Compound Module PPPInterface" alt="" coords="125,80,221,107">
<area shape="rect" href="../../../inetmanet/doc/neddoc/inet.transport.sctp.SCTP.html" title="Simple Module SCTP" alt="" coords="245,80,317,107">
<area shape="rect" href="../../../inetmanet/doc/neddoc/inet.base.NotificationBoard.html" title="Simple Module NotificationBoard" alt="" coords="341,80,461,107">
<area shape="rect" href="../../../inetmanet/doc/neddoc/inet.networklayer.common.InterfaceTable.html" title="Simple Module InterfaceTable" alt="" coords="485,80,584,107">
<area shape="rect" href="Vlans.networklayer.NetworkLayerVlans.html" title="Compound Module NetworkLayerVlans" alt="" coords="608,80,741,107">
<area shape="rect" href="../../../inetmanet/doc/neddoc/inet.util.NAMTraceWriter.html" title="Simple Module NAMTraceWriter" alt="" coords="765,80,883,107">
<area shape="rect" href="../../../inetmanet/doc/neddoc/inet.transport.udp.UDP.html" title="Simple Module UDP" alt="" coords="907,80,979,107">
<area shape="rect" href="../../../inetmanet/doc/neddoc/inet.linklayer.ext.ExtInterface.html" title="Simple Module ExtInterface" alt="" coords="1003,80,1093,107">
<area shape="rect" href="../../../inetmanet/doc/neddoc/inet.applications.udpapp.UDPApp.html" title="Module Interface UDPApp" alt="" coords="1117,80,1189,107">
<area shape="rect" href="ned.IdealChannel.html" title="Channel IdealChannel" alt="" coords="1213,80,1309,107">
<area shape="rect" href="../../../inetmanet/doc/neddoc/inet.transport.tcp.TCP.html" title="Simple Module TCP" alt="" coords="1333,80,1405,107">
<area shape="rect" href="../../../inetmanet/doc/neddoc/inet.applications.pingapp.PingApp.html" title="Simple Module PingApp" alt="" coords="1429,80,1501,107">
<area shape="rect" href="../../../inetmanet/doc/neddoc/inet.applications.tcpapp.TCPApp.html" title="Module Interface TCPApp" alt="" coords="1525,80,1597,107">
<area shape="rect" href="../../../inetmanet/doc/neddoc/inet.util.TCPDump.html" title="Simple Module TCPDump" alt="" coords="1621,80,1701,107">
<area shape="rect" href="Vlans.linklayer.EtherVlanInterface.html" title="Compound Module EtherVlanInterface" alt="" coords="1725,80,1853,107">
<area shape="rect" href="../../../inetmanet/doc/neddoc/inet.applications.sctpapp.SCTPApp.html" title="Module Interface SCTPApp" alt="" coords="1877,80,1955,107">
